F                                                                        [100%]
=================================== FAILURES ===================================
___________ test_recorded_origin3072_exact_a_is_feasible_for_stage_b ___________

    def test_recorded_origin3072_exact_a_is_feasible_for_stage_b():
        case=json.loads((Path(__file__).parent/'fixtures'/'m6p2c_seed0_origin3072_step18.json').read_text())
        result=correct(InventorySnapshot.model_validate(case['snapshot']),
                       DispatchProposal.model_validate(case['proposal']),time_limit_s=.50)
        assert result.inventory_audit['stage_a_witness']['passed']
        assert result.inventory_audit['primary_objective_certificate']['passed']
>       assert result.stage_b_status=='optimal' and result.executable
E       AssertionError: assert ('infeasible' == 'optimal'
E         
E         - optimal
E         + infeasible)

tests/test_m6p2c_integral_origin.py:16: AssertionError
=============================== warnings summary ===============================
tests/test_m6p2c_integral_origin.py::test_recorded_origin3072_exact_a_is_feasible_for_stage_b
  /Users/levous/Desktop/IDC/planning/model.py:1649: RuntimeWarning: Unrecognized options detected: {'mip_feasibility_tolerance', 'dual_feasibility_tolerance', 'mip_abs_gap', 'parallel', 'primal_feasibility_tolerance', 'random_seed'}. These will be passed to HiGHS verbatim.
    res_a = _milp(

tests/test_m6p2c_integral_origin.py::test_recorded_origin3072_exact_a_is_feasible_for_stage_b
  /Users/levous/Desktop/IDC/planning/model.py:1777: RuntimeWarning: Unrecognized options detected: {'mip_feasibility_tolerance', 'dual_feasibility_tolerance', 'parallel', 'primal_feasibility_tolerance', 'random_seed'}. These will be passed to HiGHS verbatim.
    res_b = _milp(

-- Docs: https://docs.pytest.org/en/stable/how-to/capture-warnings.html
=========================== short test summary info ============================
FAILED tests/test_m6p2c_integral_origin.py::test_recorded_origin3072_exact_a_is_feasible_for_stage_b
1 failed, 2 warnings in 0.54s
