F                                                                        [100%]
=================================== FAILURES ===================================
_______ test_recorded_coverage_seed1_origin1968_has_certified_execution ________

    def test_recorded_coverage_seed1_origin1968_has_certified_execution():
        case = json.loads((Path(__file__).parent / 'fixtures' /
                           'm6p2c_seed1_origin1968_step18.json').read_text())
        result = correct(InventorySnapshot.model_validate(case['snapshot']),
                         DispatchProposal.model_validate(case['proposal']), time_limit_s=.50)
        assert result.stage_a_status == result.stage_b_status == 'optimal'
>       assert result.executable, result.inventory_audit.get('execution_witness')
E       AssertionError: {'version': 'canonical-integer-lexicographic-v1', 'passed': False, 'primal_tolerance': 1e-10, 'integer_representation_ulps': 8, ...}
E       assert False
E        +  where False = Correction(exec_compute_actions=[0.0, 0.0, 0.0, 0.0, 0.0, 0.0, 0.0, 0.0, 0.0, 0.0, 0.0, 0.0, 0.0, 0.0, 0.0, 0.0, 0.0, ...integer_residual_after': 0.0, 'reason': 'canonical_primal_infeasible'}}}}, execution_source='none', candidate_check={}).executable

tests/test_m6p2c_fixed_lp_coordinates.py:16: AssertionError
=============================== warnings summary ===============================
tests/test_m6p2c_fixed_lp_coordinates.py::test_recorded_coverage_seed1_origin1968_has_certified_execution
  /Users/levous/Desktop/IDC/planning/model.py:1629: RuntimeWarning: Unrecognized options detected: {'mip_abs_gap', 'parallel', 'random_seed', 'primal_feasibility_tolerance', 'dual_feasibility_tolerance', 'mip_feasibility_tolerance'}. These will be passed to HiGHS verbatim.
    res_a = _milp(

tests/test_m6p2c_fixed_lp_coordinates.py::test_recorded_coverage_seed1_origin1968_has_certified_execution
  /Users/levous/Desktop/IDC/planning/model.py:1757: RuntimeWarning: Unrecognized options detected: {'parallel', 'random_seed', 'dual_feasibility_tolerance', 'primal_feasibility_tolerance', 'mip_feasibility_tolerance'}. These will be passed to HiGHS verbatim.
    res_b = _milp(

tests/test_m6p2c_fixed_lp_coordinates.py::test_recorded_coverage_seed1_origin1968_has_certified_execution
  /Users/levous/Desktop/IDC/planning/numeric_contract.py:200: OptimizeWarning: Unrecognized options detected: {'random_seed': 0, 'parallel': False}. These will be passed to HiGHS verbatim.
    result = scipy.optimize.linprog(

-- Docs: https://docs.pytest.org/en/stable/how-to/capture-warnings.html
=========================== short test summary info ============================
FAILED tests/test_m6p2c_fixed_lp_coordinates.py::test_recorded_coverage_seed1_origin1968_has_certified_execution
