F                                                                        [100%]
=================================== FAILURES ===================================
_____ test_recorded_seed1_origin6336_keeps_the_certified_primary_objective _____

    def test_recorded_seed1_origin6336_keeps_the_certified_primary_objective():
        case=json.loads((Path(__file__).parent/'fixtures'/'m6p2c_seed1_origin6336_step2.json').read_text())
        result=correct(InventorySnapshot.model_validate(case['snapshot']),
                       DispatchProposal.model_validate(case['proposal']),time_limit_s=.50)
>       assert result.executable, result.inventory_audit.get('primary_objective_certificate')
E       AssertionError: {'passed': False, 'objective': 1.4056822499712425, 'offset_tolerance': 1e-06, 'reported_objective': 1.399747428220489, ...}
E       assert False
E        +  where False = Correction(exec_compute_actions=[0.0, 0.0, 0.0, 0.0, 0.0, 0.0, 0.0, 0.0, 0.0, 0.0, 0.0, 0.0, 0.0, 0.0, 0.0, 0.0, 0.0, ...059348217507535495, 'reason': 'reported_objective_differs_from_witness'}}, execution_source='none', candidate_check={}).executable

tests/test_m6p2c_mode_candidate_rows.py:14: AssertionError
=============================== warnings summary ===============================
tests/test_m6p2c_mode_candidate_rows.py::test_recorded_seed1_origin6336_keeps_the_certified_primary_objective
  /Users/levous/Desktop/IDC/planning/model.py:1629: RuntimeWarning: Unrecognized options detected: {'dual_feasibility_tolerance', 'primal_feasibility_tolerance', 'mip_feasibility_tolerance', 'random_seed', 'mip_abs_gap', 'parallel'}. These will be passed to HiGHS verbatim.
    res_a = _milp(

tests/test_m6p2c_mode_candidate_rows.py::test_recorded_seed1_origin6336_keeps_the_certified_primary_objective
  /Users/levous/Desktop/IDC/planning/numeric_contract.py:213: OptimizeWarning: Unrecognized options detected: {'random_seed': 0, 'parallel': False}. These will be passed to HiGHS verbatim.
    result = scipy.optimize.linprog(

-- Docs: https://docs.pytest.org/en/stable/how-to/capture-warnings.html
=========================== short test summary info ============================
FAILED tests/test_m6p2c_mode_candidate_rows.py::test_recorded_seed1_origin6336_keeps_the_certified_primary_objective
1 failed, 2 warnings in 0.33s
